// Jest Snapshot v1, https://goo.gl/fbAQLP

exports[`Item should match a snapshot 1`] = `
<div>
  Item Page
</div>
`;
